docker : #0 building with "desktop-linux" instance using docker driver
At line:1 char:1
+ docker build --no-cache -t firebase-web-app-demo . > build_output.log ...
+ ~~~~~~~~~~~~~~~~~~~~~~~~~~~~~~~~~~~~~~~~~~~~~~~~~~~~~~~~~~~~~~~~~~~~~
    + CategoryInfo          : NotSpecified: (#0 building wit...g docker driver:String) [], RemoteException
    + FullyQualifiedErrorId : NativeCommandError
 

#1 [internal] load build definition from Dockerfile
#1 transferring dockerfile: 1.85kB done
#1 DONE 0.0s

#2 [internal] load metadata for docker.io/library/dart:stable
#2 ...

#3 [internal] load metadata for ghcr.io/cirruslabs/flutter:3.24.3
#3 DONE 0.3s

#2 [internal] load metadata for docker.io/library/dart:stable
#2 DONE 0.3s

#4 [internal] load .dockerignore
#4 transferring context: 2B done
#4 DONE 0.0s

#5 [runtime 1/4] FROM docker.io/library/dart:stable@sha256:8e175c500bf2372d4205e470dea1352a5af868f24a5426c4ed7413008f640400
#5 resolve docker.io/library/dart:stable@sha256:8e175c500bf2372d4205e470dea1352a5af868f24a5426c4ed7413008f640400 0.0s done
#5 DONE 0.0s

#6 [runtime 2/4] WORKDIR /app
#6 CACHED

#7 [build 1/9] FROM ghcr.io/cirruslabs/flutter:3.24.3@sha256:d2812bc4be5be838414eaa53c2444a8ca3c78c925d12266b3bd435205135f458
#7 resolve ghcr.io/cirruslabs/flutter:3.24.3@sha256:d2812bc4be5be838414eaa53c2444a8ca3c78c925d12266b3bd435205135f458 0.0s done
#7 DONE 0.0s

#8 [build 2/9] WORKDIR /app
#8 CACHED

#9 [internal] load build context
#9 transferring context: 46.31kB 0.0s done
#9 DONE 0.1s

#10 [build 3/9] COPY example/firebase-dart-admin-auth-sdk-sample-app/pubspec.yaml ./pubspec.yaml
#10 DONE 0.0s

#11 [build 4/9] COPY example/firebase-dart-admin-auth-sdk-sample-app/ ./
#11 DONE 0.2s

#12 [build 5/9] COPY firebase-dart-admin-auth-sdk ./firebase-dart-admin-auth-sdk/
#12 DONE 0.1s

#13 [build 6/9] COPY example/firebase-dart-admin-auth-sdk-sample-app/bin/server.dart ./bin/server.dart
#13 DONE 0.0s

#14 [build 7/9] RUN sed -i 's|../../firebase-dart-admin-auth-sdk|./firebase-dart-admin-auth-sdk|' pubspec.yaml     && cat 
pubspec.yaml
#14 0.253 name: firebase_dart_admin_auth_sdk_sample_app
#14 0.253 description: "This sample app highlights the classes, methods,and functions used in the Firebase Dart Amin Auth 
SDK."
#14 0.253 # The following line prevents the package from being accidentally published to
#14 0.253 # pub.dev using `flutter pub publish`. This is preferred for private packages.
#14 0.253 publish_to: "none" # Remove this line if you wish to publish to pub.dev
#14 0.253 
#14 0.253 # The following defines the version and build number for your application.
#14 0.253 # A version number is three numbers separated by dots, like 1.2.43
#14 0.253 # followed by an optional build number separated by a +.
#14 0.253 # Both the version and the builder number may be overridden in flutter
#14 0.253 # build by specifying --build-name and --build-number, respectively.
#14 0.253 # In Android, build-name is used as versionName while build-number used as versionCode.
#14 0.253 # Read more about Android versioning at https://developer.android.com/studio/publish/versioning
#14 0.253 # In iOS, build-name is used as CFBundleShortVersionString while build-number is used as CFBundleVersion.
#14 0.253 # Read more about iOS versioning at
#14 0.253 # https://developer.apple.com/library/archive/documentation/General/Reference/InfoPlistKeyReference/Articles/CoreFou
ndationKeys.html
#14 0.253 # In Windows, build-name is used as the major, minor, and patch parts
#14 0.253 # of the product and file versions while build-number is used as the build suffix.
#14 0.253 version: 1.0.0+1
#14 0.253 
#14 0.253 environment:
#14 0.253   sdk: ">=3.4.3 <4.0.0"
#14 0.253 
#14 0.253 # Dependencies specify other packages that your package needs in order to work.
#14 0.253 # To automatically upgrade your package dependencies to the latest versions
#14 0.253 # consider running `flutter pub upgrade --major-versions`. Alternatively,
#14 0.253 # dependencies can be manually updated by changing the version numbers below to
#14 0.253 # the latest version available on pub.dev. To see which dependencies have newer
#14 0.253 # versions available, run `flutter pub outdated`.
#14 0.253 dependencies:
#14 0.253   flutter:
#14 0.253     sdk: flutter
#14 0.253 
#14 0.253   # The following adds the Cupertino Icons font to your application.
#14 0.253   # Use with the CupertinoIcons class for iOS style icons.
#14 0.253   cupertino_icons: ^1.0.6
#14 0.253   firebase_dart_admin_auth_sdk:
#14 0.253     path: ./firebase-dart-admin-auth-sdk 
#14 0.253   path: ^1.9.0
#14 0.253   provider: ^6.1.2
#14 0.253   bot_toast: ^4.1.3
#14 0.253   google_sign_in: ^6.2.1
#14 0.253   flutter_web_auth: ^0.5.0
#14 0.253   file_picker: ^8.1.2
#14 0.253 
#14 0.253 
#14 0.253 dev_dependencies:
#14 0.253   flutter_test:
#14 0.253     sdk: flutter
#14 0.253 
#14 0.253   # The "flutter_lints" package below contains a set of recommended lints to
#14 0.253   # encourage good coding practices. The lint set provided by the package is
#14 0.253   # activated in the `analysis_options.yaml` file located at the root of your
#14 0.253   # package. See that file for information about deactivating specific lint
#14 0.253   # rules and activating additional ones.
#14 0.253   flutter_lints: ^3.0.0
#14 0.253 
#14 0.253 # For information on the generic Dart part of this file, see the
#14 0.253 # following page: https://dart.dev/tools/pub/pubspec
#14 0.253 
#14 0.253 # The following section is specific to Flutter packages.
#14 0.253 flutter:
#14 0.253   # The following line ensures that the Material Icons font is
#14 0.253   # included with your application, so that you can use the icons in
#14 0.253   # the material Icons class.
#14 0.253   uses-material-design: true
#14 0.253   # assets:
#14 0.253   #   - assets/service_account.json
#14 0.253   # To add assets to your application, add an assets section, like this:
#14 0.253   # assets:
#14 0.253   #   - images/a_dot_burr.jpeg
#14 0.253   #   - images/a_dot_ham.jpeg
#14 0.253 
#14 0.253   # An image asset can refer to one or more resolution-specific "variants", see
#14 0.253   # https://flutter.dev/assets-and-images/#resolution-aware
#14 0.253 
#14 0.253   # For details regarding adding assets from package dependencies, see
#14 0.253   # https://flutter.dev/assets-and-images/#from-packages
#14 0.253 
#14 0.253   # To add custom fonts to your application, add a fonts section here,
#14 0.253   # in this "flutter" section. Each entry in this list should have a
#14 0.253   # "family" key with the font family name, and a "fonts" key with a
#14 0.253   # list giving the asset and other descriptors for the font. For
#14 0.253   # example:
#14 0.253   # fonts:
#14 0.253   #   - family: Schyler
#14 0.253   #     fonts:
#14 0.253   #       - asset: fonts/Schyler-Regular.ttf
#14 0.253   #       - asset: fonts/Schyler-Italic.ttf
#14 0.253   #         style: italic
#14 0.253   #   - family: Trajan Pro
#14 0.253   #     fonts:
#14 0.253   #       - asset: fonts/TrajanPro.ttf
#14 0.253   #       - asset: fonts/TrajanPro_Bold.ttf
#14 0.253   #         weight: 700
#14 0.253   #
#14 0.253   # For details regarding fonts from package dependencies,
#14 0.253   # see https://flutter.dev/custom-fonts/#from-packages
#14 DONE 0.3s

#15 [build 8/9] RUN flutter pub get
#15 0.464    Woah! You appear to be trying to run flutter as root.
#15 0.464    We strongly recommend running the flutter tool without superuser privileges.
#15 0.464   /
#15 0.464 ≡ƒôÄ
#15 0.809 Resolving dependencies...
#15 2.805 Downloading packages...
#15 13.10   _fe_analyzer_shared 72.0.0 (76.0.0 available)
#15 13.10   analyzer 6.7.0 (6.11.0 available)
#15 13.10   args 2.5.0 (2.6.0 available)
#15 13.10   asn1lib 1.5.4 (1.5.6 available)
#15 13.10   async 2.11.0 (2.12.0 available)
#15 13.10   characters 1.3.0 (1.3.1 available)
#15 13.10   collection 1.18.0 (1.19.0 available)
#15 13.10   convert 3.1.1 (3.1.2 available)
#15 13.10   crypto 3.0.5 (3.0.6 available)
#15 13.10   fake_async 1.3.1 (1.3.2 available)
#15 13.10   file 7.0.0 (7.0.1 available)
#15 13.10   firebase_dart 1.2.1 (1.2.2 available)
#15 13.10 * firebase_dart_admin_auth_sdk 0.0.1-pre+4 from path firebase-dart-admin-auth-sdk (was 0.0.1-pre+4 from path 
../firebase-dart-admin-auth-sdk)
#15 13.10   fixnum 1.1.0 (1.1.1 available)
#15 13.10   flutter_lints 3.0.2 (5.0.0 available)
#15 13.10   flutter_plugin_android_lifecycle 2.0.22 (2.0.23 available)
#15 13.10   flutter_web_auth 0.5.0 (0.6.0 available)
#15 13.10   google_sign_in_android 6.1.30 (6.1.33 available)
#15 13.10   google_sign_in_ios 5.7.7 (5.7.8 available)
#15 13.10   http_parser 4.0.2 (4.1.1 available)
#15 13.10   leak_tracker 10.0.5 (10.0.7 available)
#15 13.10   leak_tracker_flutter_testing 3.0.5 (3.0.8 available)
#15 13.10   lints 3.0.0 (5.1.0 available)
#15 13.10   logging 1.2.0 (1.3.0 available)
#15 13.10   macros 0.1.2-main.4 (0.1.3-main.0 available)
#15 13.10   matcher 0.12.16+1 (0.12.17 available)
#15 13.10   material_color_utilities 0.11.1 (0.12.0 available)
#15 13.10   meta 1.15.0 (1.16.0 available)
#15 13.10   os_detect 2.0.1 (2.0.2 available)
#15 13.10   path 1.9.0 (1.9.1 available)
#15 13.10   stack_trace 1.11.1 (1.12.0 available)
#15 13.10   string_scanner 1.2.0 (1.4.0 available)
#15 13.10   synchronized 3.3.0+2 (3.3.0+3 available)
#15 13.10   test_api 0.7.2 (0.7.3 available)
#15 13.10   typed_data 1.3.2 (1.4.0 available)
#15 13.10   uuid 4.5.0 (4.5.1 available)
#15 13.10   vm_service 14.2.5 (14.3.0 available)
#15 13.10   web 1.0.0 (1.1.0 available)
#15 13.10   win32 5.5.4 (5.6.1 available)
#15 13.10   x509 0.2.4+2 (0.2.4+3 available)
#15 13.10 Changed 1 dependency!
#15 13.10 39 packages have newer versions incompatible with dependency constraints.
#15 13.10 Try `flutter pub outdated` for more information.
#15 DONE 13.9s

#16 [build 9/9] RUN flutter build web --release
#16 0.373    Woah! You appear to be trying to run flutter as root.
#16 0.373    We strongly recommend running the flutter tool without superuser privileges.
#16 0.373   /
#16 0.373 ≡ƒôÄ
#16 0.505 Downloading Web SDK...                                              8.8s
#16 11.46 
#16 11.55 Compiling lib/main.dart for the Web...                          
#16 60.87 Font asset "CupertinoIcons.ttf" was tree-shaken, reducing it from 257628 to 1172 bytes (99.5% reduction). 
Tree-shaking can be disabled by providing the --no-tree-shake-icons flag when building your app.
#16 60.87 Font asset "MaterialIcons-Regular.otf" was tree-shaken, reducing it from 1645184 to 7692 bytes (99.5% reduction). 
Tree-shaking can be disabled by providing the --no-tree-shake-icons flag when building your app.
#16 61.25 Compiling lib/main.dart for the Web...                             49.7s
#16 61.26 Γ£ô Built build/web
#16 DONE 61.3s

#17 [runtime 3/4] COPY --from=build /app/build/web /app/build/web
#17 DONE 0.1s

#18 [runtime 4/4] COPY example/firebase-dart-admin-auth-sdk-sample-app/bin/server.dart ./bin/server.dart
#18 DONE 0.0s

#19 exporting to image
#19 exporting layers
#19 exporting layers 1.0s done
#19 exporting manifest sha256:ff071ccf28af8e6b6c7d7f583553b2e9f09ad2703cc9bd12e2ff7d23a2d26f6d 0.0s done
#19 exporting config sha256:b1d6f60523045353a9d6cb9774c2bd98f89e3f141235dbf7baee5051ffa0d9af 0.0s done
#19 exporting attestation manifest sha256:944e7bdfe2a75d4277b3d4083a2cd4da1657385de39ccc931c80d9ab592d289a 0.0s done
#19 exporting manifest list sha256:07263570c7289cbda32bdbfc78cdd4eb1b44ab935c727a284a5cedceecd8241a 0.0s done
#19 naming to docker.io/library/firebase-web-app-demo:latest done
#19 unpacking to docker.io/library/firebase-web-app-demo:latest
#19 unpacking to docker.io/library/firebase-web-app-demo:latest 0.2s done
#19 DONE 1.2s

View build details: docker-desktop://dashboard/build/desktop-linux/desktop-linux/ttazcyee0nnr6q7zq6pj8u4pk
